[2019-02-16T21:45:00.844+0000][gc,heap] Heap region size: 1M
[2019-02-16T21:45:00.855+0000][gc     ] Using G1
[2019-02-16T21:45:00.855+0000][gc,heap,coops] Heap address: 0x00000000c0000000, size: 1024 MB, Compressed Oops mode: 32-bit
[2019-02-16T21:45:01.670+0000][gc,start     ] GC(0) Pause Young (Normal) (G1 Evacuation Pause)
[2019-02-16T21:45:01.671+0000][gc,task      ] GC(0) Using 4 workers of 4 for evacuation
[2019-02-16T21:45:01.677+0000][gc,phases    ] GC(0)   Pre Evacuate Collection Set: 0.0ms
[2019-02-16T21:45:01.677+0000][gc,phases    ] GC(0)   Evacuate Collection Set: 5.8ms
[2019-02-16T21:45:01.677+0000][gc,phases    ] GC(0)   Post Evacuate Collection Set: 0.5ms
[2019-02-16T21:45:01.677+0000][gc,phases    ] GC(0)   Other: 0.5ms
[2019-02-16T21:45:01.677+0000][gc,heap      ] GC(0) Eden regions: 51->0(44)
[2019-02-16T21:45:01.677+0000][gc,heap      ] GC(0) Survivor regions: 0->7(7)
[2019-02-16T21:45:01.677+0000][gc,heap      ] GC(0) Old regions: 0->0
[2019-02-16T21:45:01.677+0000][gc,heap      ] GC(0) Humongous regions: 1->1
[2019-02-16T21:45:01.677+0000][gc,metaspace ] GC(0) Metaspace: 15135K->15135K(1062912K)
[2019-02-16T21:45:01.677+0000][gc           ] GC(0) Pause Young (Normal) (G1 Evacuation Pause) 52M->7M(1024M) 6.908ms
[2019-02-16T21:45:01.677+0000][gc,cpu       ] GC(0) User=0.02s Sys=0.01s Real=0.00s
[2019-02-16T21:45:02.248+0000][gc,start     ] GC(1) Pause Young (Concurrent Start) (Metadata GC Threshold)
[2019-02-16T21:45:02.248+0000][gc,task      ] GC(1) Using 4 workers of 4 for evacuation
[2019-02-16T21:45:02.256+0000][gc,phases    ] GC(1)   Pre Evacuate Collection Set: 0.0ms
[2019-02-16T21:45:02.256+0000][gc,phases    ] GC(1)   Evacuate Collection Set: 7.1ms
[2019-02-16T21:45:02.256+0000][gc,phases    ] GC(1)   Post Evacuate Collection Set: 0.6ms
[2019-02-16T21:45:02.256+0000][gc,phases    ] GC(1)   Other: 0.2ms
[2019-02-16T21:45:02.256+0000][gc,heap      ] GC(1) Eden regions: 31->0(49)
[2019-02-16T21:45:02.256+0000][gc,heap      ] GC(1) Survivor regions: 7->2(7)
[2019-02-16T21:45:02.256+0000][gc,heap      ] GC(1) Old regions: 0->7
[2019-02-16T21:45:02.256+0000][gc,heap      ] GC(1) Humongous regions: 130->130
[2019-02-16T21:45:02.256+0000][gc,metaspace ] GC(1) Metaspace: 20567K->20567K(1067008K)
[2019-02-16T21:45:02.256+0000][gc           ] GC(1) Pause Young (Concurrent Start) (Metadata GC Threshold) 166M->138M(1024M) 8.088ms
[2019-02-16T21:45:02.256+0000][gc,cpu       ] GC(1) User=0.00s Sys=0.01s Real=0.01s
[2019-02-16T21:45:02.256+0000][gc           ] GC(2) Concurrent Cycle
[2019-02-16T21:45:02.256+0000][gc,marking   ] GC(2) Concurrent Clear Claimed Marks
[2019-02-16T21:45:02.256+0000][gc,marking   ] GC(2) Concurrent Clear Claimed Marks 0.023ms
[2019-02-16T21:45:02.256+0000][gc,marking   ] GC(2) Concurrent Scan Root Regions
[2019-02-16T21:45:02.257+0000][gc,marking   ] GC(2) Concurrent Scan Root Regions 1.198ms
[2019-02-16T21:45:02.257+0000][gc,marking   ] GC(2) Concurrent Mark (1.415s)
[2019-02-16T21:45:02.257+0000][gc,marking   ] GC(2) Concurrent Mark From Roots
[2019-02-16T21:45:02.257+0000][gc,task      ] GC(2) Using 1 workers of 1 for marking
[2019-02-16T21:45:02.266+0000][gc,marking   ] GC(2) Concurrent Mark From Roots 9.449ms
[2019-02-16T21:45:02.266+0000][gc,marking   ] GC(2) Concurrent Preclean
[2019-02-16T21:45:02.267+0000][gc,marking   ] GC(2) Concurrent Preclean 0.175ms
[2019-02-16T21:45:02.267+0000][gc,marking   ] GC(2) Concurrent Mark (1.415s, 1.425s) 9.730ms
[2019-02-16T21:45:02.267+0000][gc,start     ] GC(2) Pause Remark
[2019-02-16T21:45:02.271+0000][gc,stringtable] GC(2) Cleaned string and symbol table, strings: 10507 processed, 0 removed, symbols: 49799 processed, 42 removed
[2019-02-16T21:45:02.271+0000][gc            ] GC(2) Pause Remark 139M->139M(1024M) 4.354ms
[2019-02-16T21:45:02.271+0000][gc,cpu        ] GC(2) User=0.01s Sys=0.00s Real=0.01s
[2019-02-16T21:45:02.271+0000][gc,marking    ] GC(2) Concurrent Rebuild Remembered Sets
[2019-02-16T21:45:02.276+0000][gc,marking    ] GC(2) Concurrent Rebuild Remembered Sets 4.281ms
[2019-02-16T21:45:02.276+0000][gc,start      ] GC(2) Pause Cleanup
[2019-02-16T21:45:02.276+0000][gc            ] GC(2) Pause Cleanup 139M->139M(1024M) 0.175ms
[2019-02-16T21:45:02.276+0000][gc,cpu        ] GC(2) User=0.01s Sys=0.00s Real=0.00s
[2019-02-16T21:45:02.276+0000][gc,marking    ] GC(2) Concurrent Cleanup for Next Mark
[2019-02-16T21:45:02.278+0000][gc,marking    ] GC(2) Concurrent Cleanup for Next Mark 2.084ms
[2019-02-16T21:45:02.278+0000][gc            ] GC(2) Concurrent Cycle 22.447ms
[2019-02-16T21:45:37.993+0000][gc,start      ] GC(3) Pause Young (Normal) (G1 Evacuation Pause)
[2019-02-16T21:45:37.993+0000][gc,task       ] GC(3) Using 4 workers of 4 for evacuation
[2019-02-16T21:45:37.997+0000][gc,phases     ] GC(3)   Pre Evacuate Collection Set: 0.0ms
[2019-02-16T21:45:37.997+0000][gc,phases     ] GC(3)   Evacuate Collection Set: 3.2ms
[2019-02-16T21:45:37.997+0000][gc,phases     ] GC(3)   Post Evacuate Collection Set: 0.5ms
[2019-02-16T21:45:37.997+0000][gc,phases     ] GC(3)   Other: 0.2ms
[2019-02-16T21:45:37.997+0000][gc,heap       ] GC(3) Eden regions: 49->0(46)
[2019-02-16T21:45:37.997+0000][gc,heap       ] GC(3) Survivor regions: 2->5(7)
[2019-02-16T21:45:37.997+0000][gc,heap       ] GC(3) Old regions: 7->7
[2019-02-16T21:45:37.997+0000][gc,heap       ] GC(3) Humongous regions: 154->130
[2019-02-16T21:45:37.997+0000][gc,metaspace  ] GC(3) Metaspace: 26925K->26925K(1073152K)
[2019-02-16T21:45:37.997+0000][gc            ] GC(3) Pause Young (Normal) (G1 Evacuation Pause) 211M->140M(1024M) 4.028ms
[2019-02-16T21:45:37.997+0000][gc,cpu        ] GC(3) User=0.02s Sys=0.00s Real=0.00s
