[2019-02-16T21:41:52.694+0000][gc,heap] Heap region size: 1M
[2019-02-16T21:41:52.703+0000][gc     ] Using G1
[2019-02-16T21:41:52.703+0000][gc,heap,coops] Heap address: 0x00000000c0000000, size: 1024 MB, Compressed Oops mode: 32-bit
[2019-02-16T21:41:53.502+0000][gc,start     ] GC(0) Pause Young (Normal) (G1 Evacuation Pause)
[2019-02-16T21:41:53.502+0000][gc,task      ] GC(0) Using 4 workers of 4 for evacuation
[2019-02-16T21:41:53.510+0000][gc,phases    ] GC(0)   Pre Evacuate Collection Set: 0.0ms
[2019-02-16T21:41:53.510+0000][gc,phases    ] GC(0)   Evacuate Collection Set: 6.7ms
[2019-02-16T21:41:53.510+0000][gc,phases    ] GC(0)   Post Evacuate Collection Set: 0.5ms
[2019-02-16T21:41:53.510+0000][gc,phases    ] GC(0)   Other: 0.6ms
[2019-02-16T21:41:53.510+0000][gc,heap      ] GC(0) Eden regions: 51->0(45)
[2019-02-16T21:41:53.510+0000][gc,heap      ] GC(0) Survivor regions: 0->6(7)
[2019-02-16T21:41:53.510+0000][gc,heap      ] GC(0) Old regions: 0->0
[2019-02-16T21:41:53.510+0000][gc,heap      ] GC(0) Humongous regions: 1->1
[2019-02-16T21:41:53.510+0000][gc,metaspace ] GC(0) Metaspace: 15145K->15145K(1062912K)
[2019-02-16T21:41:53.510+0000][gc           ] GC(0) Pause Young (Normal) (G1 Evacuation Pause) 52M->7M(1024M) 7.846ms
[2019-02-16T21:41:53.510+0000][gc,cpu       ] GC(0) User=0.03s Sys=0.00s Real=0.01s
[2019-02-16T21:41:54.070+0000][gc,start     ] GC(1) Pause Young (Concurrent Start) (Metadata GC Threshold)
[2019-02-16T21:41:54.070+0000][gc,task      ] GC(1) Using 4 workers of 4 for evacuation
[2019-02-16T21:41:54.079+0000][gc,phases    ] GC(1)   Pre Evacuate Collection Set: 0.0ms
[2019-02-16T21:41:54.079+0000][gc,phases    ] GC(1)   Evacuate Collection Set: 7.4ms
[2019-02-16T21:41:54.079+0000][gc,phases    ] GC(1)   Post Evacuate Collection Set: 0.6ms
[2019-02-16T21:41:54.079+0000][gc,phases    ] GC(1)   Other: 0.2ms
[2019-02-16T21:41:54.079+0000][gc,heap      ] GC(1) Eden regions: 31->0(48)
[2019-02-16T21:41:54.079+0000][gc,heap      ] GC(1) Survivor regions: 6->3(7)
[2019-02-16T21:41:54.079+0000][gc,heap      ] GC(1) Old regions: 0->7
[2019-02-16T21:41:54.079+0000][gc,heap      ] GC(1) Humongous regions: 130->130
[2019-02-16T21:41:54.079+0000][gc,metaspace ] GC(1) Metaspace: 20651K->20651K(1067008K)
[2019-02-16T21:41:54.079+0000][gc           ] GC(1) Pause Young (Concurrent Start) (Metadata GC Threshold) 167M->138M(1024M) 8.422ms
[2019-02-16T21:41:54.079+0000][gc,cpu       ] GC(1) User=0.02s Sys=0.00s Real=0.00s
[2019-02-16T21:41:54.079+0000][gc           ] GC(2) Concurrent Cycle
[2019-02-16T21:41:54.079+0000][gc,marking   ] GC(2) Concurrent Clear Claimed Marks
[2019-02-16T21:41:54.079+0000][gc,marking   ] GC(2) Concurrent Clear Claimed Marks 0.028ms
[2019-02-16T21:41:54.079+0000][gc,marking   ] GC(2) Concurrent Scan Root Regions
[2019-02-16T21:41:54.081+0000][gc,marking   ] GC(2) Concurrent Scan Root Regions 2.201ms
[2019-02-16T21:41:54.081+0000][gc,marking   ] GC(2) Concurrent Mark (1.389s)
[2019-02-16T21:41:54.081+0000][gc,marking   ] GC(2) Concurrent Mark From Roots
[2019-02-16T21:41:54.081+0000][gc,task      ] GC(2) Using 1 workers of 1 for marking
[2019-02-16T21:41:54.092+0000][gc,marking   ] GC(2) Concurrent Mark From Roots 10.913ms
[2019-02-16T21:41:54.092+0000][gc,marking   ] GC(2) Concurrent Preclean
[2019-02-16T21:41:54.092+0000][gc,marking   ] GC(2) Concurrent Preclean 0.175ms
[2019-02-16T21:41:54.092+0000][gc,marking   ] GC(2) Concurrent Mark (1.389s, 1.401s) 11.215ms
[2019-02-16T21:41:54.094+0000][gc,start     ] GC(2) Pause Remark
[2019-02-16T21:41:54.099+0000][gc,stringtable] GC(2) Cleaned string and symbol table, strings: 10554 processed, 0 removed, symbols: 49809 processed, 42 removed
[2019-02-16T21:41:54.099+0000][gc            ] GC(2) Pause Remark 139M->139M(1024M) 5.024ms
[2019-02-16T21:41:54.099+0000][gc,cpu        ] GC(2) User=0.01s Sys=0.00s Real=0.00s
[2019-02-16T21:41:54.099+0000][gc,marking    ] GC(2) Concurrent Rebuild Remembered Sets
[2019-02-16T21:41:54.104+0000][gc,marking    ] GC(2) Concurrent Rebuild Remembered Sets 4.443ms
[2019-02-16T21:41:54.104+0000][gc,start      ] GC(2) Pause Cleanup
[2019-02-16T21:41:54.104+0000][gc            ] GC(2) Pause Cleanup 140M->140M(1024M) 0.167ms
[2019-02-16T21:41:54.104+0000][gc,cpu        ] GC(2) User=0.00s Sys=0.00s Real=0.00s
[2019-02-16T21:41:54.104+0000][gc,marking    ] GC(2) Concurrent Cleanup for Next Mark
[2019-02-16T21:41:54.106+0000][gc,marking    ] GC(2) Concurrent Cleanup for Next Mark 2.295ms
[2019-02-16T21:41:54.106+0000][gc            ] GC(2) Concurrent Cycle 27.676ms
[2019-02-16T21:41:54.879+0000][gc,start      ] GC(3) Pause Young (Normal) (G1 Evacuation Pause)
[2019-02-16T21:41:54.879+0000][gc,task       ] GC(3) Using 4 workers of 4 for evacuation
[2019-02-16T21:41:54.891+0000][gc,phases     ] GC(3)   Pre Evacuate Collection Set: 0.0ms
[2019-02-16T21:41:54.891+0000][gc,phases     ] GC(3)   Evacuate Collection Set: 11.6ms
[2019-02-16T21:41:54.891+0000][gc,phases     ] GC(3)   Post Evacuate Collection Set: 0.4ms
[2019-02-16T21:41:54.891+0000][gc,phases     ] GC(3)   Other: 0.2ms
[2019-02-16T21:41:54.891+0000][gc,heap       ] GC(3) Eden regions: 48->0(46)
[2019-02-16T21:41:54.891+0000][gc,heap       ] GC(3) Survivor regions: 3->5(7)
[2019-02-16T21:41:54.891+0000][gc,heap       ] GC(3) Old regions: 7->7
[2019-02-16T21:41:54.891+0000][gc,heap       ] GC(3) Humongous regions: 136->136
[2019-02-16T21:41:54.891+0000][gc,metaspace  ] GC(3) Metaspace: 26972K->26972K(1073152K)
[2019-02-16T21:41:54.891+0000][gc            ] GC(3) Pause Young (Normal) (G1 Evacuation Pause) 192M->146M(1024M) 12.246ms
[2019-02-16T21:41:54.891+0000][gc,cpu        ] GC(3) User=0.03s Sys=0.00s Real=0.02s
[2019-02-16T21:44:48.646+0000][gc,heap,exit  ] Heap
[2019-02-16T21:44:48.646+0000][gc,heap,exit  ]  garbage-first heap   total 1048576K, used 192092K [0x00000000c0000000, 0x0000000100000000)
[2019-02-16T21:44:48.646+0000][gc,heap,exit  ]   region size 1024K, 30 young (30720K), 5 survivors (5120K)
[2019-02-16T21:44:48.646+0000][gc,heap,exit  ]  Metaspace       used 29136K, capacity 29658K, committed 30080K, reserved 1075200K
[2019-02-16T21:44:48.646+0000][gc,heap,exit  ]   class space    used 4013K, capacity 4168K, committed 4224K, reserved 1048576K
