[2019-02-16T21:57:04.648+0000][gc,heap] Heap region size: 1M
[2019-02-16T21:57:04.657+0000][gc     ] Using G1
[2019-02-16T21:57:04.657+0000][gc,heap,coops] Heap address: 0x00000000c0000000, size: 1024 MB, Compressed Oops mode: 32-bit
[2019-02-16T21:57:05.485+0000][gc,start     ] GC(0) Pause Young (Normal) (G1 Evacuation Pause)
[2019-02-16T21:57:05.486+0000][gc,task      ] GC(0) Using 4 workers of 4 for evacuation
[2019-02-16T21:57:05.491+0000][gc,phases    ] GC(0)   Pre Evacuate Collection Set: 0.0ms
[2019-02-16T21:57:05.491+0000][gc,phases    ] GC(0)   Evacuate Collection Set: 4.9ms
[2019-02-16T21:57:05.491+0000][gc,phases    ] GC(0)   Post Evacuate Collection Set: 0.5ms
[2019-02-16T21:57:05.491+0000][gc,phases    ] GC(0)   Other: 0.7ms
[2019-02-16T21:57:05.491+0000][gc,heap      ] GC(0) Eden regions: 51->0(44)
[2019-02-16T21:57:05.491+0000][gc,heap      ] GC(0) Survivor regions: 0->7(7)
[2019-02-16T21:57:05.491+0000][gc,heap      ] GC(0) Old regions: 0->0
[2019-02-16T21:57:05.491+0000][gc,heap      ] GC(0) Humongous regions: 1->1
[2019-02-16T21:57:05.491+0000][gc,metaspace ] GC(0) Metaspace: 15179K->15179K(1062912K)
[2019-02-16T21:57:05.491+0000][gc           ] GC(0) Pause Young (Normal) (G1 Evacuation Pause) 52M->7M(1024M) 6.170ms
[2019-02-16T21:57:05.491+0000][gc,cpu       ] GC(0) User=0.02s Sys=0.00s Real=0.01s
[2019-02-16T21:57:05.917+0000][gc,start     ] GC(1) Pause Young (Concurrent Start) (Metadata GC Threshold)
[2019-02-16T21:57:05.917+0000][gc,task      ] GC(1) Using 4 workers of 4 for evacuation
[2019-02-16T21:57:05.925+0000][gc,phases    ] GC(1)   Pre Evacuate Collection Set: 0.0ms
[2019-02-16T21:57:05.926+0000][gc,phases    ] GC(1)   Evacuate Collection Set: 7.6ms
[2019-02-16T21:57:05.926+0000][gc,phases    ] GC(1)   Post Evacuate Collection Set: 0.5ms
[2019-02-16T21:57:05.926+0000][gc,phases    ] GC(1)   Other: 0.2ms
[2019-02-16T21:57:05.926+0000][gc,heap      ] GC(1) Eden regions: 29->0(48)
[2019-02-16T21:57:05.926+0000][gc,heap      ] GC(1) Survivor regions: 7->3(7)
[2019-02-16T21:57:05.926+0000][gc,heap      ] GC(1) Old regions: 0->7
[2019-02-16T21:57:05.926+0000][gc,heap      ] GC(1) Humongous regions: 130->130
[2019-02-16T21:57:05.926+0000][gc,metaspace ] GC(1) Metaspace: 20630K->20630K(1067008K)
[2019-02-16T21:57:05.926+0000][gc           ] GC(1) Pause Young (Concurrent Start) (Metadata GC Threshold) 165M->139M(1024M) 8.479ms
[2019-02-16T21:57:05.926+0000][gc,cpu       ] GC(1) User=0.01s Sys=0.02s Real=0.01s
[2019-02-16T21:57:05.926+0000][gc           ] GC(2) Concurrent Cycle
[2019-02-16T21:57:05.926+0000][gc,marking   ] GC(2) Concurrent Clear Claimed Marks
[2019-02-16T21:57:05.926+0000][gc,marking   ] GC(2) Concurrent Clear Claimed Marks 0.021ms
[2019-02-16T21:57:05.926+0000][gc,marking   ] GC(2) Concurrent Scan Root Regions
[2019-02-16T21:57:05.927+0000][gc,marking   ] GC(2) Concurrent Scan Root Regions 1.612ms
[2019-02-16T21:57:05.927+0000][gc,marking   ] GC(2) Concurrent Mark (1.281s)
[2019-02-16T21:57:05.927+0000][gc,marking   ] GC(2) Concurrent Mark From Roots
[2019-02-16T21:57:05.927+0000][gc,task      ] GC(2) Using 1 workers of 1 for marking
[2019-02-16T21:57:05.938+0000][gc,marking   ] GC(2) Concurrent Mark From Roots 10.641ms
[2019-02-16T21:57:05.938+0000][gc,marking   ] GC(2) Concurrent Preclean
[2019-02-16T21:57:05.938+0000][gc,marking   ] GC(2) Concurrent Preclean 0.255ms
[2019-02-16T21:57:05.938+0000][gc,marking   ] GC(2) Concurrent Mark (1.281s, 1.292s) 10.964ms
[2019-02-16T21:57:05.939+0000][gc,start     ] GC(2) Pause Remark
[2019-02-16T21:57:05.942+0000][gc,stringtable] GC(2) Cleaned string and symbol table, strings: 12691 processed, 0 removed, symbols: 53091 processed, 48 removed
[2019-02-16T21:57:05.942+0000][gc            ] GC(2) Pause Remark 140M->140M(1024M) 3.438ms
[2019-02-16T21:57:05.942+0000][gc,cpu        ] GC(2) User=0.01s Sys=0.00s Real=0.01s
[2019-02-16T21:57:05.942+0000][gc,marking    ] GC(2) Concurrent Rebuild Remembered Sets
[2019-02-16T21:57:05.946+0000][gc,marking    ] GC(2) Concurrent Rebuild Remembered Sets 4.222ms
[2019-02-16T21:57:05.946+0000][gc,start      ] GC(2) Pause Cleanup
[2019-02-16T21:57:05.947+0000][gc            ] GC(2) Pause Cleanup 140M->140M(1024M) 0.187ms
[2019-02-16T21:57:05.947+0000][gc,cpu        ] GC(2) User=0.00s Sys=0.00s Real=0.00s
[2019-02-16T21:57:05.947+0000][gc,marking    ] GC(2) Concurrent Cleanup for Next Mark
[2019-02-16T21:57:05.949+0000][gc,marking    ] GC(2) Concurrent Cleanup for Next Mark 2.627ms
[2019-02-16T21:57:05.949+0000][gc            ] GC(2) Concurrent Cycle 23.766ms
