[2019-02-16T21:19:37.598+0000][gc,heap] Heap region size: 1M
[2019-02-16T21:19:37.607+0000][gc     ] Using G1
[2019-02-16T21:19:37.607+0000][gc,heap,coops] Heap address: 0x00000000c0000000, size: 1024 MB, Compressed Oops mode: 32-bit
[2019-02-16T21:19:38.431+0000][gc,start     ] GC(0) Pause Young (Normal) (G1 Evacuation Pause)
[2019-02-16T21:19:38.432+0000][gc,task      ] GC(0) Using 4 workers of 4 for evacuation
[2019-02-16T21:19:38.439+0000][gc,phases    ] GC(0)   Pre Evacuate Collection Set: 0.0ms
[2019-02-16T21:19:38.439+0000][gc,phases    ] GC(0)   Evacuate Collection Set: 6.1ms
[2019-02-16T21:19:38.439+0000][gc,phases    ] GC(0)   Post Evacuate Collection Set: 0.6ms
[2019-02-16T21:19:38.439+0000][gc,phases    ] GC(0)   Other: 1.5ms
[2019-02-16T21:19:38.439+0000][gc,heap      ] GC(0) Eden regions: 51->0(44)
[2019-02-16T21:19:38.439+0000][gc,heap      ] GC(0) Survivor regions: 0->7(7)
[2019-02-16T21:19:38.439+0000][gc,heap      ] GC(0) Old regions: 0->0
[2019-02-16T21:19:38.439+0000][gc,heap      ] GC(0) Humongous regions: 1->1
[2019-02-16T21:19:38.439+0000][gc,metaspace ] GC(0) Metaspace: 15186K->15186K(1062912K)
[2019-02-16T21:19:38.439+0000][gc           ] GC(0) Pause Young (Normal) (G1 Evacuation Pause) 52M->7M(1024M) 8.277ms
[2019-02-16T21:19:38.439+0000][gc,cpu       ] GC(0) User=0.02s Sys=0.01s Real=0.00s
[2019-02-16T21:19:38.842+0000][gc,start     ] GC(1) Pause Young (Concurrent Start) (Metadata GC Threshold)
[2019-02-16T21:19:38.842+0000][gc,task      ] GC(1) Using 4 workers of 4 for evacuation
[2019-02-16T21:19:38.852+0000][gc,phases    ] GC(1)   Pre Evacuate Collection Set: 0.0ms
[2019-02-16T21:19:38.852+0000][gc,phases    ] GC(1)   Evacuate Collection Set: 9.2ms
[2019-02-16T21:19:38.852+0000][gc,phases    ] GC(1)   Post Evacuate Collection Set: 0.6ms
[2019-02-16T21:19:38.852+0000][gc,phases    ] GC(1)   Other: 0.2ms
[2019-02-16T21:19:38.852+0000][gc,heap      ] GC(1) Eden regions: 29->0(48)
[2019-02-16T21:19:38.852+0000][gc,heap      ] GC(1) Survivor regions: 7->3(7)
[2019-02-16T21:19:38.852+0000][gc,heap      ] GC(1) Old regions: 0->7
[2019-02-16T21:19:38.852+0000][gc,heap      ] GC(1) Humongous regions: 130->130
[2019-02-16T21:19:38.852+0000][gc,metaspace ] GC(1) Metaspace: 20525K->20525K(1067008K)
[2019-02-16T21:19:38.852+0000][gc           ] GC(1) Pause Young (Concurrent Start) (Metadata GC Threshold) 165M->138M(1024M) 10.148ms
[2019-02-16T21:19:38.852+0000][gc,cpu       ] GC(1) User=0.03s Sys=0.01s Real=0.01s
[2019-02-16T21:19:38.852+0000][gc           ] GC(2) Concurrent Cycle
[2019-02-16T21:19:38.852+0000][gc,marking   ] GC(2) Concurrent Clear Claimed Marks
[2019-02-16T21:19:38.852+0000][gc,marking   ] GC(2) Concurrent Clear Claimed Marks 0.021ms
[2019-02-16T21:19:38.852+0000][gc,marking   ] GC(2) Concurrent Scan Root Regions
[2019-02-16T21:19:38.853+0000][gc,marking   ] GC(2) Concurrent Scan Root Regions 1.456ms
[2019-02-16T21:19:38.854+0000][gc,marking   ] GC(2) Concurrent Mark (1.258s)
[2019-02-16T21:19:38.854+0000][gc,marking   ] GC(2) Concurrent Mark From Roots
[2019-02-16T21:19:38.854+0000][gc,task      ] GC(2) Using 1 workers of 1 for marking
[2019-02-16T21:19:38.864+0000][gc,marking   ] GC(2) Concurrent Mark From Roots 10.108ms
[2019-02-16T21:19:38.864+0000][gc,marking   ] GC(2) Concurrent Preclean
[2019-02-16T21:19:38.864+0000][gc,marking   ] GC(2) Concurrent Preclean 0.158ms
[2019-02-16T21:19:38.864+0000][gc,marking   ] GC(2) Concurrent Mark (1.258s, 1.268s) 10.331ms
[2019-02-16T21:19:38.867+0000][gc,start     ] GC(2) Pause Remark
[2019-02-16T21:19:38.870+0000][gc,stringtable] GC(2) Cleaned string and symbol table, strings: 10892 processed, 0 removed, symbols: 50288 processed, 47 removed
[2019-02-16T21:19:38.870+0000][gc            ] GC(2) Pause Remark 139M->139M(1024M) 2.893ms
[2019-02-16T21:19:38.870+0000][gc,cpu        ] GC(2) User=0.00s Sys=0.00s Real=0.01s
[2019-02-16T21:19:38.870+0000][gc,marking    ] GC(2) Concurrent Rebuild Remembered Sets
[2019-02-16T21:19:38.875+0000][gc,marking    ] GC(2) Concurrent Rebuild Remembered Sets 4.343ms
[2019-02-16T21:19:38.875+0000][gc,start      ] GC(2) Pause Cleanup
[2019-02-16T21:19:38.875+0000][gc            ] GC(2) Pause Cleanup 139M->139M(1024M) 0.162ms
[2019-02-16T21:19:38.875+0000][gc,cpu        ] GC(2) User=0.00s Sys=0.00s Real=0.00s
[2019-02-16T21:19:38.875+0000][gc,marking    ] GC(2) Concurrent Cleanup for Next Mark
[2019-02-16T21:19:38.877+0000][gc,marking    ] GC(2) Concurrent Cleanup for Next Mark 1.692ms
[2019-02-16T21:19:38.877+0000][gc            ] GC(2) Concurrent Cycle 24.868ms
[2019-02-16T21:21:45.401+0000][gc,start      ] GC(3) Pause Young (Normal) (G1 Evacuation Pause)
[2019-02-16T21:21:45.401+0000][gc,task       ] GC(3) Using 4 workers of 4 for evacuation
[2019-02-16T21:21:45.406+0000][gc,phases     ] GC(3)   Pre Evacuate Collection Set: 0.0ms
[2019-02-16T21:21:45.406+0000][gc,phases     ] GC(3)   Evacuate Collection Set: 4.8ms
[2019-02-16T21:21:45.406+0000][gc,phases     ] GC(3)   Post Evacuate Collection Set: 0.4ms
[2019-02-16T21:21:45.406+0000][gc,phases     ] GC(3)   Other: 0.2ms
[2019-02-16T21:21:45.406+0000][gc,heap       ] GC(3) Eden regions: 48->0(46)
[2019-02-16T21:21:45.406+0000][gc,heap       ] GC(3) Survivor regions: 3->5(7)
[2019-02-16T21:21:45.406+0000][gc,heap       ] GC(3) Old regions: 7->7
[2019-02-16T21:21:45.406+0000][gc,heap       ] GC(3) Humongous regions: 130->130
[2019-02-16T21:21:45.406+0000][gc,metaspace  ] GC(3) Metaspace: 26943K->26943K(1073152K)
[2019-02-16T21:21:45.406+0000][gc            ] GC(3) Pause Young (Normal) (G1 Evacuation Pause) 186M->140M(1024M) 5.508ms
[2019-02-16T21:21:45.406+0000][gc,cpu        ] GC(3) User=0.02s Sys=0.00s Real=0.00s
[2019-02-16T21:35:42.608+0000][gc,start      ] GC(4) Pause Young (Normal) (G1 Evacuation Pause)
[2019-02-16T21:35:42.608+0000][gc,task       ] GC(4) Using 4 workers of 4 for evacuation
[2019-02-16T21:35:42.613+0000][gc,phases     ] GC(4)   Pre Evacuate Collection Set: 0.0ms
[2019-02-16T21:35:42.613+0000][gc,phases     ] GC(4)   Evacuate Collection Set: 3.6ms
[2019-02-16T21:35:42.613+0000][gc,phases     ] GC(4)   Post Evacuate Collection Set: 0.4ms
[2019-02-16T21:35:42.613+0000][gc,phases     ] GC(4)   Other: 0.3ms
[2019-02-16T21:35:42.613+0000][gc,heap       ] GC(4) Eden regions: 46->0(48)
[2019-02-16T21:35:42.613+0000][gc,heap       ] GC(4) Survivor regions: 5->3(7)
[2019-02-16T21:35:42.613+0000][gc,heap       ] GC(4) Old regions: 7->9
[2019-02-16T21:35:42.613+0000][gc,heap       ] GC(4) Humongous regions: 130->130
[2019-02-16T21:35:42.613+0000][gc,metaspace  ] GC(4) Metaspace: 29033K->29033K(1075200K)
[2019-02-16T21:35:42.613+0000][gc            ] GC(4) Pause Young (Normal) (G1 Evacuation Pause) 186M->141M(1024M) 4.432ms
[2019-02-16T21:35:42.613+0000][gc,cpu        ] GC(4) User=0.02s Sys=0.00s Real=0.00s
[2019-02-16T21:41:45.689+0000][gc,heap,exit  ] Heap
[2019-02-16T21:41:45.689+0000][gc,heap,exit  ]  garbage-first heap   total 1048576K, used 170481K [0x00000000c0000000, 0x0000000100000000)
[2019-02-16T21:41:45.689+0000][gc,heap,exit  ]   region size 1024K, 30 young (30720K), 3 survivors (3072K)
[2019-02-16T21:41:45.689+0000][gc,heap,exit  ]  Metaspace       used 29888K, capacity 30345K, committed 30848K, reserved 1075200K
[2019-02-16T21:41:45.689+0000][gc,heap,exit  ]   class space    used 4065K, capacity 4208K, committed 4224K, reserved 1048576K
