[2019-02-16T21:51:21.703+0000][gc,heap] Heap region size: 1M
[2019-02-16T21:51:21.721+0000][gc     ] Using G1
[2019-02-16T21:51:21.721+0000][gc,heap,coops] Heap address: 0x00000000c0000000, size: 1024 MB, Compressed Oops mode: 32-bit
[2019-02-16T21:51:22.543+0000][gc,start     ] GC(0) Pause Young (Normal) (G1 Evacuation Pause)
[2019-02-16T21:51:22.543+0000][gc,task      ] GC(0) Using 4 workers of 4 for evacuation
[2019-02-16T21:51:22.550+0000][gc,phases    ] GC(0)   Pre Evacuate Collection Set: 0.0ms
[2019-02-16T21:51:22.550+0000][gc,phases    ] GC(0)   Evacuate Collection Set: 6.2ms
[2019-02-16T21:51:22.550+0000][gc,phases    ] GC(0)   Post Evacuate Collection Set: 0.5ms
[2019-02-16T21:51:22.550+0000][gc,phases    ] GC(0)   Other: 0.6ms
[2019-02-16T21:51:22.550+0000][gc,heap      ] GC(0) Eden regions: 51->0(44)
[2019-02-16T21:51:22.550+0000][gc,heap      ] GC(0) Survivor regions: 0->7(7)
[2019-02-16T21:51:22.550+0000][gc,heap      ] GC(0) Old regions: 0->0
[2019-02-16T21:51:22.550+0000][gc,heap      ] GC(0) Humongous regions: 1->1
[2019-02-16T21:51:22.550+0000][gc,metaspace ] GC(0) Metaspace: 15185K->15185K(1062912K)
[2019-02-16T21:51:22.550+0000][gc           ] GC(0) Pause Young (Normal) (G1 Evacuation Pause) 52M->7M(1024M) 7.393ms
[2019-02-16T21:51:22.550+0000][gc,cpu       ] GC(0) User=0.02s Sys=0.02s Real=0.01s
[2019-02-16T21:51:22.950+0000][gc,start     ] GC(1) Pause Young (Concurrent Start) (Metadata GC Threshold)
[2019-02-16T21:51:22.950+0000][gc,task      ] GC(1) Using 4 workers of 4 for evacuation
[2019-02-16T21:51:22.959+0000][gc,phases    ] GC(1)   Pre Evacuate Collection Set: 0.0ms
[2019-02-16T21:51:22.959+0000][gc,phases    ] GC(1)   Evacuate Collection Set: 9.1ms
[2019-02-16T21:51:22.959+0000][gc,phases    ] GC(1)   Post Evacuate Collection Set: 0.5ms
[2019-02-16T21:51:22.960+0000][gc,phases    ] GC(1)   Other: 0.2ms
[2019-02-16T21:51:22.960+0000][gc,heap      ] GC(1) Eden regions: 29->0(48)
[2019-02-16T21:51:22.960+0000][gc,heap      ] GC(1) Survivor regions: 7->3(7)
[2019-02-16T21:51:22.960+0000][gc,heap      ] GC(1) Old regions: 0->7
[2019-02-16T21:51:22.960+0000][gc,heap      ] GC(1) Humongous regions: 130->130
[2019-02-16T21:51:22.960+0000][gc,metaspace ] GC(1) Metaspace: 20529K->20529K(1067008K)
[2019-02-16T21:51:22.960+0000][gc           ] GC(1) Pause Young (Concurrent Start) (Metadata GC Threshold) 164M->138M(1024M) 9.956ms
[2019-02-16T21:51:22.960+0000][gc,cpu       ] GC(1) User=0.03s Sys=0.00s Real=0.00s
[2019-02-16T21:51:22.960+0000][gc           ] GC(2) Concurrent Cycle
[2019-02-16T21:51:22.960+0000][gc,marking   ] GC(2) Concurrent Clear Claimed Marks
[2019-02-16T21:51:22.960+0000][gc,marking   ] GC(2) Concurrent Clear Claimed Marks 0.032ms
[2019-02-16T21:51:22.960+0000][gc,marking   ] GC(2) Concurrent Scan Root Regions
[2019-02-16T21:51:22.961+0000][gc,marking   ] GC(2) Concurrent Scan Root Regions 1.463ms
[2019-02-16T21:51:22.961+0000][gc,marking   ] GC(2) Concurrent Mark (1.261s)
[2019-02-16T21:51:22.962+0000][gc,marking   ] GC(2) Concurrent Mark From Roots
[2019-02-16T21:51:22.962+0000][gc,task      ] GC(2) Using 1 workers of 1 for marking
[2019-02-16T21:51:22.971+0000][gc,marking   ] GC(2) Concurrent Mark From Roots 9.310ms
[2019-02-16T21:51:22.971+0000][gc,marking   ] GC(2) Concurrent Preclean
[2019-02-16T21:51:22.971+0000][gc,marking   ] GC(2) Concurrent Preclean 0.171ms
[2019-02-16T21:51:22.971+0000][gc,marking   ] GC(2) Concurrent Mark (1.261s, 1.270s) 9.580ms
[2019-02-16T21:51:22.971+0000][gc,start     ] GC(2) Pause Remark
[2019-02-16T21:51:22.973+0000][gc,stringtable] GC(2) Cleaned string and symbol table, strings: 10888 processed, 0 removed, symbols: 50233 processed, 47 removed
[2019-02-16T21:51:22.973+0000][gc            ] GC(2) Pause Remark 139M->139M(1024M) 1.953ms
[2019-02-16T21:51:22.973+0000][gc,cpu        ] GC(2) User=0.01s Sys=0.00s Real=0.00s
[2019-02-16T21:51:22.973+0000][gc,marking    ] GC(2) Concurrent Rebuild Remembered Sets
[2019-02-16T21:51:22.978+0000][gc,marking    ] GC(2) Concurrent Rebuild Remembered Sets 4.601ms
[2019-02-16T21:51:22.978+0000][gc,start      ] GC(2) Pause Cleanup
[2019-02-16T21:51:22.978+0000][gc            ] GC(2) Pause Cleanup 139M->139M(1024M) 0.183ms
[2019-02-16T21:51:22.978+0000][gc,cpu        ] GC(2) User=0.00s Sys=0.00s Real=0.00s
[2019-02-16T21:51:22.978+0000][gc,marking    ] GC(2) Concurrent Cleanup for Next Mark
[2019-02-16T21:51:22.980+0000][gc,marking    ] GC(2) Concurrent Cleanup for Next Mark 1.748ms
[2019-02-16T21:51:22.980+0000][gc            ] GC(2) Concurrent Cycle 20.550ms
[2019-02-16T21:52:03.074+0000][gc,start      ] GC(3) Pause Young (Normal) (G1 Evacuation Pause)
[2019-02-16T21:52:03.074+0000][gc,task       ] GC(3) Using 4 workers of 4 for evacuation
[2019-02-16T21:52:03.077+0000][gc,phases     ] GC(3)   Pre Evacuate Collection Set: 0.0ms
[2019-02-16T21:52:03.077+0000][gc,phases     ] GC(3)   Evacuate Collection Set: 3.0ms
[2019-02-16T21:52:03.077+0000][gc,phases     ] GC(3)   Post Evacuate Collection Set: 0.4ms
[2019-02-16T21:52:03.077+0000][gc,phases     ] GC(3)   Other: 0.2ms
[2019-02-16T21:52:03.077+0000][gc,heap       ] GC(3) Eden regions: 48->0(46)
[2019-02-16T21:52:03.077+0000][gc,heap       ] GC(3) Survivor regions: 3->5(7)
[2019-02-16T21:52:03.077+0000][gc,heap       ] GC(3) Old regions: 7->7
[2019-02-16T21:52:03.077+0000][gc,heap       ] GC(3) Humongous regions: 130->130
[2019-02-16T21:52:03.077+0000][gc,metaspace  ] GC(3) Metaspace: 26886K->26886K(1073152K)
[2019-02-16T21:52:03.077+0000][gc            ] GC(3) Pause Young (Normal) (G1 Evacuation Pause) 186M->140M(1024M) 3.727ms
[2019-02-16T21:52:03.077+0000][gc,cpu        ] GC(3) User=0.01s Sys=0.00s Real=0.00s
